 Keyboard Help                                                                                                    v1.2.3
 ───────────────────────────────────────────────────────────────────────────────────────────────────────────────────────
 every key taskmgr-ui answers to
────────────────────────────────────────────────────────────────────────────────────────────────────────────────────────

 Tabs ─────────────────────────────────────────────────────────────────────────────────────────────────────────────────
   tab/ctrl+pgdown      next tab: Board, Docs
 down/up scroll • esc back • pgup/pgdown page • home/end bounds