────────────────────────────────────────────────────────────────────────────────────────────────────
 ❯ filter issues
╭─ Ready ─────────────────────────────────── 1 ─╮  ╭─ In Progress ───────────────────────────── 2 ─╮
│  T Ready first                                │  │  T Progress one                               │
│    P1 OPN tm-1                                │  │    P2 IP tm-7                                 │
│                                               │  │▌ B Progress two                               │
│                                               │  │▌   P1 IP tm-8                                 │
│                                               │  │                                               │
│                                               │  │                                               │
│                                               │  │                                               │
│                                               │  │                                               │
│                                               │  │                                               │
│                                               │  │                                               │
│                                               │  │                                               │
│                                               │  │                                               │
│                                               │  │                                               │
│                                               │  │                                               │
│                                               │  │                                               │
│                                               │  │                                               │
│                                               │  │                                               │
│                                               │  │                                               │
│                                               │  │                                               │
│                                               │  │                                               │
╰───────────────────────────────────────────────╯  ╰───────────────────────────────────────────────╯