────────────────────────────────────────────────────────────────────────────────────────────────────────────────────────
 ❯ login tm-2  · cols 1-3/4
╭─ Not Ready ─────────────── 0 of 2 ─╮  ╭─ Ready ──────────────────── 2 of 3 ─╮  ╭─ In Progress ────────────── 0 of 1 ─╮
│(no matches)                        │  │▌ T Fix login prompt                 │  │(no matches)                         │
│                                    │  │▌   P2 OPN tm-20                     │  │                                     │
│                                    │  │  T Login audit                      │  │                                     │
│                                    │  │    P2 OPN tm-22                     │  │                                     │
│                                    │  │                                     │  │                                     │
│                                    │  │                                     │  │                                     │
│                                    │  │                                     │  │                                     │
│                                    │  │                                     │  │                                     │
│                                    │  │                                     │  │                                     │
│                                    │  │                                     │  │                                     │
│                                    │  │                                     │  │                                     │
│                                    │  │                                     │  │                                     │
│                                    │  │                                     │  │                                     │
│                                    │  │                                     │  │                                     │
│                                    │  │                                     │  │                                     │
│                                    │  │                                     │  │                                     │
╰────────────────────────────────────╯  ╰─────────────────────────────────────╯  ╰─────────────────────────────────────╯