────────────────────────────────────────────────────────────────────────────────
 ❯ filter issues · cols 1-2/4
╭─ Not Ready ───────────────────── 2 ─╮  ╭─ Ready ───────────────────────── 3 ─╮
│▌ T Blocked: migration sequencing    │  │  T Ready fix login prompt           │
│▌   P1 BLK tm-9                      │  │    P1 OPN tm-1                      │
│─── older than 1 day ────────── 1 ───│  │─── older than 1 day ────────── 2 ───│
│─── older than 1 week ───────── 1 ───│  │  T Ready improve docs outline       │
│  B Blocked: API contract pending    │  │    P2 OPN tm-5                      │
│    P0 BLK tm-3                      │  │─── older than 1 week ───────── 1 ───│
│                                     │  │  C Ready triage inbox               │
│                                     │  │    P2 OPN tm-6                      │
│                                     │  │                                     │
│                                     │  │                                     │
│                                     │  │                                     │
│                                     │  │                                     │
│                                     │  │                                     │
│                                     │  │                                     │
│                                     │  │                                     │
│                                     │  │                                     │
│                                     │  │                                     │
│                                     │  │                                     │
│                                     │  │                                     │
│                                     │  │                                     │
│                                     │  │                                     │
│                                     │  │                                     │
│                                     │  │                                     │
│                                     │  │                                     │
╰─────────────────────────────────────╯  ╰─────────────────────────────────────╯