Default · cols 1-3/4
╭─ Not Ready ──────────────────── 1 ─╮  ╭─ Ready ───────────────────────── 2 ─╮  ╭─ In Progress ─────────────────── 0 ─╮
│› B P1 BLK bw-4 Blocked now         │  │  T P1 OPN bw-1 Ready first          │  │  F P2 IP bw-3 In progress           │
│                                    │  │  T P2 OPN bw-2 Ready second         │  │                                     │
│                                    │  │                                     │  │                                     │
│                                    │  │                                     │  │                                     │
│                                    │  │                                     │  │                                     │
│                                    │  │                                     │  │                                     │
│                                    │  │                                     │  │                                     │
│                                    │  │                                     │  │                                     │
│                                    │  │                                     │  │                                     │
│                                    │  │                                     │  │                                     │
│                                    │  │                                     │  │                                     │
│                                    │  │                                     │  │                                     │
│                                    │  │                                     │  │                                     │
│                                    │  │                                     │  │                                     │
│                                    │  │                                     │  │                                     │
│                                    │  │                                     │  │                                     │
│                                    │  │                                     │  │                                     │
│                                    │  │                                     │  │                                     │
│                                    │  │                                     │  │                                     │
│                                    │  │                                     │  │                                     │
│                                    │  │                                     │  │                                     │
│                                    │  │                                     │  │                                     │
│                                    │  │                                     │  │                                     │
│                                    │  │                                     │  │                                     │
│                                    │  │                                     │  │                                     │
│                                    │  │                                     │  │                                     │
│                                    │  │                                     │  │                                     │
╰────────────────────────────────────╯  ╰─────────────────────────────────────╯  ╰─────────────────────────────────────╯
