Default · cols 1-3/4
╭─ Not Ready ──────────────────── 1 ─╮  ╭─ Ready ───────────────────────── 2 ─╮  ╭─ In Progress ─────────────────── 1 ─╮
│▌ B Blocked now                     │  │  T Ready first                      │  │  F In progress                      │
│▌   P1 BLK tm-4                     │  │    P1 OPN tm-1                      │  │    P2 IP tm-3                       │
│                                    │  │  T Ready second                     │  │                                     │
│                                    │  │    P2 OPN tm-2                      │  │                                     │
│                                    │  │                                     │  │                                     │
│                                    │  │                                     │  │                                     │
│                                    │  │                                     │  │                                     │
│                                    │  │                                     │  │                                     │
│                                    │  │                                     │  │                                     │
│                                    │  │                                     │  │                                     │
│                                    │  │                                     │  │                                     │
│                                    │  │                                     │  │                                     │
│                                    │  │                                     │  │                                     │
│                                    │  │                                     │  │                                     │
│                                    │  │                                     │  │                                     │
│                                    │  │                                     │  │                                     │
│                                    │  │                                     │  │                                     │
│                                    │  │                                     │  │                                     │
│                                    │  │                                     │  │                                     │
│                                    │  │                                     │  │                                     │
│                                    │  │                                     │  │                                     │
│                                    │  │                                     │  │                                     │
│                                    │  │                                     │  │                                     │
│                                    │  │                                     │  │                                     │
│                                    │  │                                     │  │                                     │
│                                    │  │                                     │  │                                     │
│                                    │  │                                     │  │                                     │
╰────────────────────────────────────╯  ╰─────────────────────────────────────╯  ╰─────────────────────────────────────╯