╭─ Configuration ──────────────────────────────────────────────────────────────────────────────────╮
│  written to /home/hans/.config/taskmgr-ui/config.yaml as it changes                              │
│                                                                                                  │
│  Appearance                                                                                      │
│▌ theme     ‹ catppuccin-mocha ›                                                                  │
│  glyphs    ‹ unicode ›                                                                           │
│                                                                                                  │
│                                                                                                  │
│                                                                                                  │
│                                                                                                  │
╰──────────────────────────────────────────────────────────────────────────────────────────────────╯
down/up move · left/right change · esc back · ctrl+c quit