╭─ Configuration ──────────────────────────────────────────────────────────────────────────────────╮
│  no config file: a change is not kept                                                            │
│                                                                                                  │
│  Appearance                                                                                      │
│▌ theme     ‹ catppuccin-mocha ›                                                                  │
│  glyphs    ‹ unicode ›                                                                           │
│                                                                                                  │
│                                                                                                  │
│                                                                                                  │
│                                                                                                  │
╰──────────────────────────────────────────────────────────────────────────────────────────────────╯
down/up move · left/right change · esc back · ctrl+c quit