────────────────────────────────────────────────────────────────────────────────────────────────────────────────────────────────────────────────────────────────────────────────────
 ❯ login
╭─ Not Ready ──────────────────── 0 of 4 ─╮  ╭─ Ready ──────────────────────── 2 of 9 ─╮  ╭─ In Progress ─────────────────── 0 of 0 ─╮  ╭─ Done ───────────────────────── 1 of 30 ─╮
│(no matches)                             │  │▌ T Fix the login prompt                 │  │(no issues)                               │  │  T Login audit                           │
│                                         │  │▌   P2 OPN tm-login1                     │  │                                          │  │    P2 OPN tm-3                           │
│                                         │  │  T Login page loses the redirect target…│  │                                          │  │                                          │
│                                         │  │    P2 OPN tm-7                          │  │                                          │  │                                          │
│                                         │  │                                         │  │                                          │  │                                          │
│                                         │  │                                         │  │                                          │  │                                          │
│                                         │  │                                         │  │                                          │  │                                          │
│                                         │  │                                         │  │                                          │  │                                          │
│                                         │  │                                         │  │                                          │  │                                          │
│                                         │  │                                         │  │                                          │  │                                          │
│                                         │  │                                         │  │                                          │  │                                          │
│                                         │  │                                         │  │                                          │  │                                          │
╰─────────────────────────────────────────╯  ╰─────────────────────────────────────────╯  ╰──────────────────────────────────────────╯  ╰──────────────────────────────────────────╯