Default · cols 2-4/5
╭─ In Progress ────────────────── 1 ─╮  ╭─ Blocked ─────────────────────── 1 ─╮  ╭─ Recent Work ─────────────────── 1 ─╮
│  F P1 IP yze.4.3 Implement launc...│  │› B P1 BLK yze.4.5 Add editor and ...│  │  T P1 CLS yze.4 Deliver editor an...│
│                                    │  │                                     │  │                                     │
│                                    │  │                                     │  │                                     │
│                                    │  │                                     │  │                                     │
│                                    │  │                                     │  │                                     │
│                                    │  │                                     │  │                                     │
│                                    │  │                                     │  │                                     │
│                                    │  │                                     │  │                                     │
│                                    │  │                                     │  │                                     │
│                                    │  │                                     │  │                                     │
│                                    │  │                                     │  │                                     │
│                                    │  │                                     │  │                                     │
│                                    │  │                                     │  │                                     │
│                                    │  │                                     │  │                                     │
│                                    │  │                                     │  │                                     │
│                                    │  │                                     │  │                                     │
│                                    │  │                                     │  │                                     │
│                                    │  │                                     │  │                                     │
│                                    │  │                                     │  │                                     │
│                                    │  │                                     │  │                                     │
│                                    │  │                                     │  │                                     │
╰────────────────────────────────────╯  ╰─────────────────────────────────────╯  ╰─────────────────────────────────────╯
