Default · cols 2-4/5
╭─ In Progress ────────────────── 1 ─╮  ╭─ Blocked ─────────────────────── 2 ─╮  ╭─ Recent Work ────────────────── 15 ─╮
│  F Implement launcher framework wi…│  │▌ B Add editor and launcher integrat…│  │  T Deliver editor and launcher flows│
│    P1 IP task-manager-ui-yze.4.3   │  │▌   P1 BLK task-manager-ui-yze.4.5   │  │    P1 CLS task-manager-ui-yze.4     │
│                                    │  │                                     │  │                                     │
│                                    │  │                                     │  │                                     │
│                                    │  │                                     │  │                                     │
│                                    │  │                                     │  │                                     │
│                                    │  │                                     │  │                                     │
│                                    │  │                                     │  │                                     │
│                                    │  │                                     │  │                                     │
│                                    │  │                                     │  │                                     │
│                                    │  │                                     │  │                                     │
│                                    │  │                                     │  │                                     │
│                                    │  │                                     │  │                                     │
│                                    │  │                                     │  │                                     │
│                                    │  │                                     │  │                                     │
│                                    │  │                                     │  │                                     │
│                                    │  │                                     │  │                                     │
│                                    │  │                                     │  │                                     │
│                                    │  │                                     │  │                                     │
│                                    │  │                                     │  │                                     │
│                                    │  │                                     │  │                                     │
╰────────────────────────────────────╯  ╰─────────────────────────────────────╯  ╰─────────────────────────────────────╯