Default · cols 1-2/4
╭─ Ready ───────────────────────── 7 ─╮  ╭─ Blocked ─────────────────────── 3 ─╮
│› T P0 OPN u5s Redesign board rows a…│  │  T P0 BLK 9oo Acceptance review boa…│
│  F P1 IP 1ri Dashboard UX runtime h…│  │                                     │
│  B P0 BLK y3x Runtime bug: board ro…│  │                                     │
│                                     │  │                                     │
│                                     │  │                                     │
│                                     │  │                                     │
│                                     │  │                                     │
│                                     │  │                                     │
│                                     │  │                                     │
│                                     │  │                                     │
│                                     │  │                                     │
│                                     │  │                                     │
│                                     │  │                                     │
│                                     │  │                                     │
│                                     │  │                                     │
│                                     │  │                                     │
│                                     │  │                                     │
│                                     │  │                                     │
│                                     │  │                                     │
│                                     │  │                                     │
│                                     │  │                                     │
╰─────────────────────────────────────╯  ╰─────────────────────────────────────╯