Default · cols 1-2/4
╭─ Ready ───────────────────────── 3 ─╮  ╭─ Blocked ─────────────────────── 1 ─╮
│› T P0 OPN u5s Redesign board rows...│  │  T P0 BLK 9oo Acceptance review b...│
│  F P1 IP 1ri Dashboard UX runtime...│  │                                     │
│  B P0 BLK y3x Runtime bug: board ...│  │                                     │
│                                     │  │                                     │
│                                     │  │                                     │
│                                     │  │                                     │
│                                     │  │                                     │
│                                     │  │                                     │
│                                     │  │                                     │
│                                     │  │                                     │
│                                     │  │                                     │
│                                     │  │                                     │
│                                     │  │                                     │
│                                     │  │                                     │
│                                     │  │                                     │
│                                     │  │                                     │
│                                     │  │                                     │
│                                     │  │                                     │
│                                     │  │                                     │
│                                     │  │                                     │
│                                     │  │                                     │
╰─────────────────────────────────────╯  ╰─────────────────────────────────────╯
