Default
╭─ Ready ───────────────────────────── 7 ─╮  ╭─ Blocked ─────────────────────────── 3 ─╮  ╭─ Recent Work ─────────────────────── 42 ─╮  ╭─ Assigned ─────────────────────────── 5 ─╮
│▌ T Redesign board rows and metadata for…│  │  T Acceptance review board UX regressio…│  │  T Remove large sidebar from board view  │  │  E Preserve four-column grouping in dash…│
│▌   P0 OPN task-manager-ui-u5s           │  │    P0 BLK task-manager-ui-9oo           │  │    P1 CLS task-manager-ui-j34            │  │    P1 IP task-manager-ui-7qz             │
│  F Dashboard UX runtime harness and wid…│  │                                         │  │                                          │  │                                          │
│    P1 IP task-manager-ui-1ri            │  │                                         │  │                                          │  │                                          │
│  B Runtime bug: board rows hide readine…│  │                                         │  │                                          │  │                                          │
│    P0 BLK task-manager-ui-y3x           │  │                                         │  │                                          │  │                                          │
│                                         │  │                                         │  │                                          │  │                                          │
│                                         │  │                                         │  │                                          │  │                                          │
│                                         │  │                                         │  │                                          │  │                                          │
│                                         │  │                                         │  │                                          │  │                                          │
│                                         │  │                                         │  │                                          │  │                                          │
│                                         │  │                                         │  │                                          │  │                                          │
│                                         │  │                                         │  │                                          │  │                                          │
│                                         │  │                                         │  │                                          │  │                                          │
│                                         │  │                                         │  │                                          │  │                                          │
│                                         │  │                                         │  │                                          │  │                                          │
│                                         │  │                                         │  │                                          │  │                                          │
│                                         │  │                                         │  │                                          │  │                                          │
│                                         │  │                                         │  │                                          │  │                                          │
│                                         │  │                                         │  │                                          │  │                                          │
│                                         │  │                                         │  │                                          │  │                                          │
│                                         │  │                                         │  │                                          │  │                                          │
│                                         │  │                                         │  │                                          │  │                                          │
│                                         │  │                                         │  │                                          │  │                                          │
│                                         │  │                                         │  │                                          │  │                                          │
│                                         │  │                                         │  │                                          │  │                                          │
│                                         │  │                                         │  │                                          │  │                                          │
╰─────────────────────────────────────────╯  ╰─────────────────────────────────────────╯  ╰──────────────────────────────────────────╯  ╰──────────────────────────────────────────╯