Default
╭─ Ready ────────────────── 2 ─╮  ╭─ Blocked ──────────────── 1 ─╮  ╭─ Recent Work ──────────── 0 ─╮
│› First issue                 │  │  Waiting on dependency       │  │(no issues)                   │
│  tm-1 · P1                   │  │  tm-5 · P1                   │  ╰──────────────────────────────╯
│  Second issue                │  ╰──────────────────────────────╯
│  tm-2 · P2                   │
╰──────────────────────────────╯
