────────────────────────────────────────────────────────────────────────────────────────────────────────────────────────
 ❯ filter issues · cols 1-3/4
╭─ Ready ──────────────────────── 7 ─╮  ╭─ Blocked ─────────────────────── 3 ─╮  ╭─ Recent Work ────────────────── 42 ─╮
│▌ T Redesign board rows and metadat…│  │  T Acceptance review board UX regre…│  │  T Remove large sidebar from board …│
│▌   P0 OPN task-manager-ui-u5s      │  │    P0 BLK task-manager-ui-9oo       │  │    P1 CLS task-manager-ui-j34       │
│  F Dashboard UX runtime harness an…│  │                                     │  │                                     │
│    P1 IP task-manager-ui-1ri       │  │                                     │  │                                     │
│  B Runtime bug: board rows hide re…│  │                                     │  │                                     │
│    P0 BLK task-manager-ui-y3x      │  │                                     │  │                                     │
│                                    │  │                                     │  │                                     │
│                                    │  │                                     │  │                                     │
│                                    │  │                                     │  │                                     │
│                                    │  │                                     │  │                                     │
│                                    │  │                                     │  │                                     │
│                                    │  │                                     │  │                                     │
│                                    │  │                                     │  │                                     │
│                                    │  │                                     │  │                                     │
│                                    │  │                                     │  │                                     │
│                                    │  │                                     │  │                                     │
│                                    │  │                                     │  │                                     │
│                                    │  │                                     │  │                                     │
│                                    │  │                                     │  │                                     │
│                                    │  │                                     │  │                                     │
│                                    │  │                                     │  │                                     │
│                                    │  │                                     │  │                                     │
│                                    │  │                                     │  │                                     │
│                                    │  │                                     │  │                                     │
╰────────────────────────────────────╯  ╰─────────────────────────────────────╯  ╰─────────────────────────────────────╯