────────────────────────────────────────────────────────────────────────────────
 ❯ filter issues · cols 1-2/4
╭─ Ready ───────────────────────── 7 ─╮  ╭─ Blocked ─────────────────────── 3 ─╮
│▌ T Redesign board rows and metadata…│  │  T Acceptance review board UX regre…│
│▌   P0 OPN task-manager-ui-u5s       │  │    P0 BLK task-manager-ui-9oo       │
│  F Dashboard UX runtime harness and…│  │                                     │
│    P1 IP task-manager-ui-1ri        │  │                                     │
│  B Runtime bug: board rows hide rea…│  │                                     │
│    P0 BLK task-manager-ui-y3x       │  │                                     │
│                                     │  │                                     │
│                                     │  │                                     │
│                                     │  │                                     │
│                                     │  │                                     │
│                                     │  │                                     │
│                                     │  │                                     │
│                                     │  │                                     │
│                                     │  │                                     │
│                                     │  │                                     │
│                                     │  │                                     │
│                                     │  │                                     │
│                                     │  │                                     │
│                                     │  │                                     │
│                                     │  │                                     │
╰─────────────────────────────────────╯  ╰─────────────────────────────────────╯