Default
╭─ Done ─────────────────────────────────────────────────────────── 60 of 736 ─╮
│  T P0 CLS tm-done-42 Closed issue 42                                         │
│  T P0 CLS tm-done-43 Closed issue 43                                         │
│  T P0 CLS tm-done-44 Closed issue 44                                         │
│  T P0 CLS tm-done-45 Closed issue 45                                         │
│  T P0 CLS tm-done-46 Closed issue 46                                         │
│  T P0 CLS tm-done-47 Closed issue 47                                         │
│  T P0 CLS tm-done-48 Closed issue 48                                         │
│  T P0 CLS tm-done-49 Closed issue 49                                         │
│  T P0 CLS tm-done-50 Closed issue 50                                         │
│  T P0 CLS tm-done-51 Closed issue 51                                         │
│  T P0 CLS tm-done-52 Closed issue 52                                         │
│  T P0 CLS tm-done-53 Closed issue 53                                         │
│  T P0 CLS tm-done-54 Closed issue 54                                         │
│  T P0 CLS tm-done-55 Closed issue 55                                         │
│  T P0 CLS tm-done-56 Closed issue 56                                         │
│  T P0 CLS tm-done-57 Closed issue 57                                         │
│› T P0 CLS tm-done-58 Closed issue 58                                         │
│  T P0 CLS tm-done-59 Closed issue 59                                         │
│X XX XXX ░░░░░░░░░░░░ ░░░░░░░░░░░░░░░░░░░░░░░░░░░░░░░░░░░░░░░                 │
│                                                                              │
│                                                                              │
╰──────────────────────────────────────────────────────────────────────────────╯