Default
╭─ Done ─────────────────────────────────────────────────────────── 60 of 736 ─╮
│  T Closed issue 51                                                           │
│    P0 CLS tm-done-51                                                         │
│  T Closed issue 52                                                           │
│    P0 CLS tm-done-52                                                         │
│  T Closed issue 53                                                           │
│    P0 CLS tm-done-53                                                         │
│  T Closed issue 54                                                           │
│    P0 CLS tm-done-54                                                         │
│  T Closed issue 55                                                           │
│    P0 CLS tm-done-55                                                         │
│  T Closed issue 56                                                           │
│    P0 CLS tm-done-56                                                         │
│  T Closed issue 57                                                           │
│    P0 CLS tm-done-57                                                         │
│▌ T Closed issue 58                                                           │
│▌   P0 CLS tm-done-58                                                         │
│  T Closed issue 59                                                           │
│    P0 CLS tm-done-59                                                         │
│  X ░░░░░░░░░░░░░░░░░░░░░░░░░░░░░░░░░░░░░░░░░░░░░░░░░░░                       │
│    XX XXX ░░░░░░░░                                                           │
│                                                                              │
╰──────────────────────────────────────────────────────────────────────────────╯