Default
╭─ Done ────────────────────────────────────────────────────────────────── 60 ─╮
│  T P0 CLS bw-done-0 Closed issue 0                                           │
│  T P0 CLS bw-done-1 Closed issue 1                                           │
│  T P0 CLS bw-done-2 Closed issue 2                                           │
│  T P0 CLS bw-done-3 Closed issue 3                                           │
│  T P0 CLS bw-done-4 Closed issue 4                                           │
│  T P0 CLS bw-done-5 Closed issue 5                                           │
│  T P0 CLS bw-done-6 Closed issue 6                                           │
│  T P0 CLS bw-done-7 Closed issue 7                                           │
│  T P0 CLS bw-done-8 Closed issue 8                                           │
│  T P0 CLS bw-done-9 Closed issue 9                                           │
│  T P0 CLS bw-done-10 Closed issue 10                                         │
│  T P0 CLS bw-done-11 Closed issue 11                                         │
│  T P0 CLS bw-done-12 Closed issue 12                                         │
│  T P0 CLS bw-done-13 Closed issue 13                                         │
│  T P0 CLS bw-done-14 Closed issue 14                                         │
│  T P0 CLS bw-done-15 Closed issue 15                                         │
│  T P0 CLS bw-done-16 Closed issue 16                                         │
│  T P0 CLS bw-done-17 Closed issue 17                                         │
│  T P0 CLS bw-done-18 Closed issue 18                                         │
│  T P0 CLS bw-done-19 Closed issue 19                                         │
│  T P0 CLS bw-done-20 Closed issue 20                                         │
│  T P0 CLS bw-done-21 Closed issue 21                                         │
│  T P0 CLS bw-done-22 Closed issue 22                                         │
│  T P0 CLS bw-done-23 Closed issue 23                                         │
│  T P0 CLS bw-done-24 Closed issue 24                                         │
│  T P0 CLS bw-done-25 Closed issue 25                                         │
│  T P0 CLS bw-done-26 Closed issue 26                                         │
│  T P0 CLS bw-done-27 Closed issue 27                                         │
│  T P0 CLS bw-done-28 Closed issue 28                                         │
│  T P0 CLS bw-done-29 Closed issue 29                                         │
│  T P0 CLS bw-done-30 Closed issue 30                                         │
│  T P0 CLS bw-done-31 Closed issue 31                                         │
│  T P0 CLS bw-done-32 Closed issue 32                                         │
│  T P0 CLS bw-done-33 Closed issue 33                                         │
│  T P0 CLS bw-done-34 Closed issue 34                                         │
│  T P0 CLS bw-done-35 Closed issue 35                                         │
│  T P0 CLS bw-done-36 Closed issue 36                                         │
│  T P0 CLS bw-done-37 Closed issue 37                                         │
│  T P0 CLS bw-done-38 Closed issue 38                                         │
│  T P0 CLS bw-done-39 Closed issue 39                                         │
│  T P0 CLS bw-done-40 Closed issue 40                                         │
│  T P0 CLS bw-done-41 Closed issue 41                                         │
│  T P0 CLS bw-done-42 Closed issue 42                                         │
│  T P0 CLS bw-done-43 Closed issue 43                                         │
│  T P0 CLS bw-done-44 Closed issue 44                                         │
│  T P0 CLS bw-done-45 Closed issue 45                                         │
│  T P0 CLS bw-done-46 Closed issue 46                                         │
│  T P0 CLS bw-done-47 Closed issue 47                                         │
│  T P0 CLS bw-done-48 Closed issue 48                                         │
│  T P0 CLS bw-done-49 Closed issue 49                                         │
│  T P0 CLS bw-done-50 Closed issue 50                                         │
│  T P0 CLS bw-done-51 Closed issue 51                                         │
│  T P0 CLS bw-done-52 Closed issue 52                                         │
│  T P0 CLS bw-done-53 Closed issue 53                                         │
│  T P0 CLS bw-done-54 Closed issue 54                                         │
│  T P0 CLS bw-done-55 Closed issue 55                                         │
│  T P0 CLS bw-done-56 Closed issue 56                                         │
│  T P0 CLS bw-done-57 Closed issue 57                                         │
│› T P0 CLS bw-done-58 Closed issue 58                                         │
│  T P0 CLS bw-done-59 Closed issue 59                                         │
│                                                                              │
│                                                                              │
│                                                                              │
╰──────────────────────────────────────────────────────────────────────────────╯