Test
╭─ Ready ──────────────────────────────────────────────────────────── 9 of 50 ─╮
│› T P0 --- tm-20 Issue number 20                                              │
│  T P0 --- tm-21 Issue number 21                                              │
│  T P0 --- tm-22 Issue number 22                                              │
│  T P0 --- tm-23 Issue number 23                                              │
│  T P0 --- tm-24 Issue number 24                                              │
│  T P0 --- tm-25 Issue number 25                                              │
│  T P0 --- tm-26 Issue number 26                                              │
│  T P0 --- tm-27 Issue number 27                                              │
│  T P0 --- tm-28 Issue number 28                                              │
╰──────────────────────────────────────────────────────────────────────────────╯