❯ filter issues
╭─ Ready ──────────────────────────────────────────────────────────── 4 of 50 ─╮
│▌ T Issue number 20                                                           │
│▌   P0 --- tm-20                                                              │
│  T Issue number 21                                                           │
│    P0 --- tm-21                                                              │
│  T Issue number 22                                                           │
│    P0 --- tm-22                                                              │
│  T Issue number 23                                                           │
│    P0 --- tm-23                                                              │
│  T Issue number 24                                                           │
╰──────────────────────────────────────────────────────────────────────────────╯