Test
╭─ Ready ──────────────────────────────────────────────────────────── 9 of 50 ─╮
│› T P0 --- bw-20 Issue number 20                                              │
│  T P0 --- bw-21 Issue number 21                                              │
│  T P0 --- bw-22 Issue number 22                                              │
│  T P0 --- bw-23 Issue number 23                                              │
│  T P0 --- bw-24 Issue number 24                                              │
│  T P0 --- bw-25 Issue number 25                                              │
│  T P0 --- bw-26 Issue number 26                                              │
│  T P0 --- bw-27 Issue number 27                                              │
│  T P0 --- bw-28 Issue number 28                                              │
╰──────────────────────────────────────────────────────────────────────────────╯