╭──────────────────────────────────────────╮
│ Confirm                                  │
│──────────────────────────────────────────│
│                                          │
│ Ship it?                                 │
│                                          │
│   Confirm      Cancel                    │
│                                          │
╰──────────────────────────────────────────╯
