Task Manager UI   Board   Search                                                                     Detail: tm-9 · open
╭─ Issue Detail ────────────────────────────────────────────────────────────────────────────────────────────── tm-9 ─╮
│Ninth                                                                                                               │
│tm-9 · open · task · P2                                                                                             │
│Assignee: (unassigned)  Labels: (none)                                                                              │
│                                                                                                                    │
│Description                                                                                                         │
│Ninth detail                                                                                                        │
│                                                                                                                    │
│Notes                                                                                                               │
│(no notes)                                                                                                          │
│                                                                                                                    │
│Comments (0)                                                                                                        │
│(no comments)                                                                                                       │
│                                                                                                                    │
│Related Work                                                                                                        │
│Blocked by: (none)                                                                                                  │
│Blocks: (none)                                                                                                      │
│Related: (none)                                                                                                     │
╰────────────────────────────────────────────────────────────────────────────────────────────────────────────────────╯
Detail: j/k scroll · pgup/pgdn · e edit · esc back · ? help · q quit
