 search alt+f · stores alt+s · reload alt+r · help alt+h · quit ctrl+c                                               dev
────────────────────────────────────────────────────────────────────────────────────────────────────────────────────────
   Board   Docs                                                                 Board · Selected: bwf-2 (blocked) · Idle
❯ filter issues · cols 1-3/4
╭─ Not Ready ──────────────────── 1 ─╮  ╭─ Ready ───────────────────────── 1 ─╮  ╭─ In Progress ─────────────────── 0 ─╮
│▌ B Blocked bug for fixture         │  │  T Seed fixture root task           │  │(no issues)                          │
│▌   P0 BLK bwf-2                    │  │    P1 OPN bwf-1                     │  │                                     │
│                                    │  │                                     │  │                                     │
│                                    │  │                                     │  │                                     │
│                                    │  │                                     │  │                                     │
│                                    │  │                                     │  │                                     │
│                                    │  │                                     │  │                                     │
│                                    │  │                                     │  │                                     │
│                                    │  │                                     │  │                                     │
│                                    │  │                                     │  │                                     │
│                                    │  │                                     │  │                                     │
│                                    │  │                                     │  │                                     │
│                                    │  │                                     │  │                                     │
│                                    │  │                                     │  │                                     │
│                                    │  │                                     │  │                                     │
│                                    │  │                                     │  │                                     │
│                                    │  │                                     │  │                                     │
│                                    │  │                                     │  │                                     │
│                                    │  │                                     │  │                                     │
│                                    │  │                                     │  │                                     │
│                                    │  │                                     │  │                                     │
│                                    │  │                                     │  │                                     │
│                                    │  │                                     │  │                                     │
│                                    │  │                                     │  │                                     │
│                                    │  │                                     │  │                                     │
│                                    │  │                                     │  │                                     │
│                                    │  │                                     │  │                                     │
╰────────────────────────────────────╯  ╰─────────────────────────────────────╯  ╰─────────────────────────────────────╯
left/right columns · down/up issues · enter detail · type filter · esc clear · alt+n new · alt+h help · ctrl+c quit