Beads Workbench
 1 Board   2 Search   3 Detail
Board: h/l cols · j/k issues · enter detail · ctrl+space search · ? help · q quit
Default · cols 1-3/4
╭─ Not Ready ──────────────────── 1 ─╮  ╭─ Ready ──────────────────────── 1 ─╮  ╭─ In Progress ────────────────── 0 ─╮
│› B P0 BLK bwf-2 Blocked bug for ...│  │  T P1 OPN bwf-1 Seed fixture roo...│  │(no issues)                         │
│                                    │  │                                    │  │                                    │
│                                    │  │                                    │  │                                    │
│                                    │  │                                    │  │                                    │
│                                    │  │                                    │  │                                    │
│                                    │  │                                    │  │                                    │
│                                    │  │                                    │  │                                    │
│                                    │  │                                    │  │                                    │
│                                    │  │                                    │  │                                    │
│                                    │  │                                    │  │                                    │
│                                    │  │                                    │  │                                    │
│                                    │  │                                    │  │                                    │
│                                    │  │                                    │  │                                    │
│                                    │  │                                    │  │                                    │
│                                    │  │                                    │  │                                    │
│                                    │  │                                    │  │                                    │
│                                    │  │                                    │  │                                    │
│                                    │  │                                    │  │                                    │
│                                    │  │                                    │  │                                    │
│                                    │  │                                    │  │                                    │
│                                    │  │                                    │  │                                    │
│                                    │  │                                    │  │                                    │
│                                    │  │                                    │  │                                    │
│                                    │  │                                    │  │                                    │
╰────────────────────────────────────╯  ╰────────────────────────────────────╯  ╰────────────────────────────────────╯
Selected: bwf-2 (blocked)  ·  Idle
