Beads Workbench
 1 Board   2 Search   3 Detail
Modes: [1/2/3 b/s tab]  Select: [j/k ↑/↓]  Detail: [enter o esc]  Actions: [r refresh ? help q quit]

╭─ Board ─────────────────────────────────────────── 0 issues ─╮  ╭─ Detail Pane (v1) ───────────────────────────────╮
│⏳ Loading issues from gateway…                               │  │No selected issue.                                │
╰──────────────────────────────────────────────────────────────╯  │Select an issue in board/search first.            │
                                                                  ╰──────────────────────────────────────────────────╯

Selected: none
Loading: board, search
