Beads Workbench
 1 Board   2 Search   3 Detail
Detail: c/u/x/a mutate · e editor · n/p/l launchers · r refresh · esc back · ? help · q quit
╭─ Issue Detail ────────────────────────────────────────────────────────────────────────────────────────────── bw-9 ─╮
│Ninth                                                                                                               │
│bw-9 · open · task · P2                                                                                             │
│Assignee: (unassigned)  Labels: (none)                                                                              │
│                                                                                                                    │
│Description                                                                                                         │
│Ninth detail                                                                                                        │
│                                                                                                                    │
│Notes                                                                                                               │
│(no notes)                                                                                                          │
│                                                                                                                    │
│Comments (0)                                                                                                        │
│(no comments)                                                                                                       │
│                                                                                                                    │
│Related Work                                                                                                        │
│Blocked by: (none)                                                                                                  │
│Blocks: (none)                                                                                                      │
│Related: (none)                                                                                                     │
╰────────────────────────────────────────────────────────────────────────────────────────────────────────────────────╯
Selected: bw-9 (open)  ·  Idle
