╭─ Task Stores ──────────────────────────────────────────────────────────────────────────────── 1 ─╮
│› Create a local store in /home/hans/dev/widget                                                   │
│  Create a central store for /home/hans/dev/widget                                                │
│  bravo /home/hans/dev/bravo                                                                      │
│                                                                                                  │
│           ╭──────────────────────────────────────────────────────────────────────────╮           │
│           │ Create Local Store                                                       │           │
│           │──────────────────────────────────────────────────────────────────────────│           │
│           │                                                                          │           │
│           │ Creates a .tasks store in /home/hans/dev/widget                          │           │
│           │                                                                          │           │
│           │ ╭─ ID prefix ──────────────────────────────────────────────────────────╮ │           │
│           │ │pfx                                                                   │ │           │
│           │ ╰──────────────────────────────────────────────────────────────────────╯ │           │
│           │                                                                          │           │
│           │   Create      Cancel                                                     │           │
│           │                                                                          │           │
│           ╰──────────────────────────────────────────────────────────────────────────╯           │
│                                                                                                  │
│                                                                                                  │
│                                                                                                  │
│                                                                                                  │
╰──────────────────────────────────────────────────────────────────────────────────────────────────╯
Stores: j/k move · enter open · r reload · esc quit · ctrl+q quit