╭─ Dependencies ───── 3 ─╮  ╭─ Content ───────────────────── 0 comments ─╮  ╭─ Metadata ─────────────────────╮
│Blocked by (1)          │  │Epic with children                          │  │  Core                          │
│  ? P0 - …locker Upst...│  │bw-epic · in_progress · P1                  │  │  Type    : epic                │
│                        │  │                                            │  │  Status  : in_progress         │
│Blocks (0)              │  │Description                                 │  │  Priority: P1                  │
│(none)                  │  │An epic that has child tasks.               │  │  ------------------------------│
│                        │  │                                            │  │  Counts                        │
│Related (0)             │  │                                            │  │  Comments  : 0                 │
│(none)                  │  │                                            │  │  Blocked by: 1                 │
│                        │  │                                            │  │  Blocks    : 0                 │
│Children (2)            │  │                                            │  │  Related   : 0                 │
│  T P2 O …child1 Firs...│  │                                            │  │                                │
│  T P2 I …child2 Seco...│  │                                            │  │Quick actions                   │
│                        │  │                                            │  │e Edit issue                    │
│                        │  │                                            │  │u Update issue                  │
│                        │  │                                            │  │a Add comment                   │
│                        │  │                                            │  │x Close issue                   │
│                        │  │                                            │  │r Reload detail                 │
│                        │  │                                            │  │                                │
│                        │  │                                            │  │                                │
│                        │  │                                            │  │                                │
│                        │  │                                            │  │                                │
│                        │  │                                            │  │                                │
╰────────────────────────╯  ╰────────────────────────────────────────────╯  ╰────────────────────────────────╯