Comments heavy issue
bw-77 · open · bug · P0
Assignee: (unassigned)  Labels: (none)

Description
Short description

Notes
(no notes)

Comments (3)
unknown · unknown time
  (empty comment)

alice · 2026-04-05 10:00
  First chronologically

bob · 2026-04-05 12:00
  Second chronologically

Related Work
Blocked by: (none)
Blocks: (none)
Related: (none)
