╭─ Content ─────────────────────────────────────────────────────────────────────────── 3 comments ─╮
│Comments heavy issue                                                                              │
│bw-77 · open · P0                                                                                 │
│                                                                                                  │
│Description                                                                                       │
│Short description                                                                                 │
│                                                                                                  │
│Notes                                                                                             │
│(no notes)                                                                                        │
│                                                                                                  │
│Comments (3)                                                                                      │
│unknown · unknown time                                                                            │
│… (6 more)                                                                                        │
╰──────────────────────────────────────────────────────────────────────────────────────────────────╯
╭─ Dependencies ─────────────────────────────────────────── 0 ─╮  ╭─ Metadata ─────────────────────╮
│Blocked by (0)                                                │  │  Core                          │
│(none)                                                        │  │  Type    : bug                 │
│                                                              │  │  Status  : open                │
│Blocks (0)                                                    │  │  Priority: P0                  │
│(none)                                                        │  │  ------------------------------│
│                                                              │  │  Counts                        │
│Related (0)                                                   │  │  Comments  : 3                 │
│(none)                                                        │  │… (9 more)                      │
╰──────────────────────────────────────────────────────────────╯  ╰────────────────────────────────╯