Epic with children compact
bw-epic-compact · in_progress

Metadata
  Core
  Type    : epic
  Status  : in_progress
  Priority: P1
  ------------------------------------------------------
  Ownership
  Assignee: alice
  ------------------------------------------------------
  Counts
  Comments  : 0
  Blocked by: 1
  Blocks    : 0
  Related   : 0
  Children  : 3

Description
An epic summary for the compact surface.

Comments: 0
Blocked by: 1  Blocks: 0  Related: 0  Children: 3