Full detail sample
bw-22

Metadata
Type      : feature
Priority  : P2
Status    : in_progress
Assignee  : alice
Labels    : backend, ui
Comments  : 1
Blocked by: 1
Blocks    : 1
Related   : 1

Description
Ship issue detail rendering for standalone mode.
Keep shell-owned selection state.

Comments: 1
Blocked by: 1  Blocks: 1  Related: 1
