Dependency rich issue
bw-88

Metadata
Core
Type    : task
Priority: P1
Status  : blocked
----------------------------------------------------------------------------------------------------
Counts
Comments  : 0
Blocked by: 2
Blocks    : 2
Related   : 2

Description
Dependency context check

Notes
(no notes)

Comments (0)
(no comments)

Related Work
Blocked by (2)
bw-1 · Auth migration
bw-5 · Upstream gate
Blocks (2)
bw-12 · Release docs
bw-9 · UI polish
Related (2)
bw-100 · Planning umbrella
bw-42 · Search sync