╭─ Content ─────────────────────────────────────────────────────────────────────────── 0 comments ─╮
│Dependency rich issue                                                                             │
│bw-88 · blocked · P1                                                                              │
│                                                                                                  │
│Description                                                                                       │
│Dependency context check                                                                          │
│                                                                                                  │
│                                                                                                  │
│                                                                                                  │
│                                                                                                  │
│                                                                                                  │
│                                                                                                  │
│                                                                                                  │
╰──────────────────────────────────────────────────────────────────────────────────────────────────╯
╭─ Dependencies ─────────────────────────────────────────── 6 ─╮  ╭─ Metadata ─────────────────────╮
│Blocked by (2)                                                │  │  Core                          │
│  ? P0 - bw-1 Auth migration                                  │  │  Type    : task                │
│  ? P0 - bw-5 Upstream gate                                   │  │  Status  : blocked             │
│                                                              │  │  Priority: P1                  │
│Blocks (2)                                                    │  │  ------------------------------│
│  ? P0 - bw-12 Release docs                                   │  │  Counts                        │
│  ? P0 - bw-9 UI polish                                       │  │  Comments  : 0                 │
│… (3 more)                                                    │  │… (9 more)                      │
╰──────────────────────────────────────────────────────────────╯  ╰────────────────────────────────╯
