╭─ Dependencies ──────────── 3 ─╮  ╭─ Content ─────────────────────────────────────────── 0 comments ─╮  ╭─ Metadata ─────────────────────╮
│Blocked by (1)                 │  │Fallback inline related work                                      │  │  Core                          │
│  ? P0 - bw-11 Dependency A    │  │bw-fallback · open · P2                                           │  │  Type    : task                │
│                               │  │                                                                  │  │  Status  : open                │
│Blocks (1)                     │  │Description                                                       │  │  Priority: P2                  │
│  ? P0 - bw-12 Dependency B    │  │Below wide breakpoint should keep inline related work section.    │  │  ------------------------------│
│                               │  │                                                                  │  │  Counts                        │
│Related (1)                    │  │Notes                                                             │  │  Comments  : 0                 │
│  ? P0 - bw-13 Dependency C    │  │(no notes)                                                        │  │  Blocked by: 1                 │
│                               │  │                                                                  │  │  Blocks    : 1                 │
│                               │  │                                                                  │  │  Related   : 1                 │
│                               │  │                                                                  │  │                                │
│                               │  │                                                                  │  │Quick actions                   │
│                               │  │                                                                  │  │e Edit issue                    │
│                               │  │                                                                  │  │u Update issue                  │
│                               │  │                                                                  │  │c Add comment                   │
│                               │  │                                                                  │  │x Close issue                   │
│                               │  │                                                                  │  │r Reload detail                 │
│                               │  │                                                                  │  │                                │
│                               │  │                                                                  │  │                                │
│                               │  │                                                                  │  │                                │
│                               │  │Comments (0)                                                      │  │                                │
│                               │  │(no comments)                                                     │  │                                │
╰───────────────────────────────╯  ╰──────────────────────────────────────────────────────────────────╯  ╰────────────────────────────────╯