╭─ Dependencies ────── 13 of 38 ─╮  ╭─ Content ─────────────────────────────────────────── 0 comments ─╮  ╭─ Metadata ─────────────────────╮
│… (10 earlier)                  │  │T P1 OPN bw-main                                                  │  │  Core                          │
│                                │  │Main issue                                                        │  │  Type    : task                │
│Blocks (10)                     │  │──────────────────────────────────────────────────────────────────│  │  Status  : open                │
│  ? P0 - bw-bl00 bl issue 0     │  │Description                                                       │  │  Priority: P1                  │
│  ? P0 - bw-bl01 bl issue 1     │  │(no description)                                                  │  │  ------------------------------│
│  ? P0 - bw-bl02 bl issue 2     │  │                                                                  │  │  Counts                        │
│  ? P0 - bw-bl03 bl issue 3     │  │                                                                  │  │  Comments  : 0                 │
│  ? P0 - bw-bl04 bl issue 4     │  │                                                                  │  │  Blocked by: 10                │
│  ? P0 - bw-bl05 bl issue 5     │  │                                                                  │  │  Blocks    : 10                │
│  ? P0 - bw-bl06 bl issue 6     │  │                                                                  │  │  Related   : 10                │
│  ? P0 - bw-bl07 bl issue 7     │  │                                                                  │  │  Children  : 0                 │
│  ? P0 - bw-bl08 bl issue 8     │  │                                                                  │  │                                │
│… (15 more)                     │  │                                                                  │  │… (5 more)                      │
╰────────────────────────────────╯  ╰──────────────────────────────────────────────────────────────────╯  ╰────────────────────────────────╯