Minimal detail                                                                        Metadata
bw-1                                                                                  Core
                                                                                      Type    : task
Description                                                                           Priority: P1
(no description)                                                                      Status  : open
                                                                                      ----------------------------------
Notes                                                                                 Counts
(no notes)                                                                            Comments  : 0
                                                                                      Blocked by: 0
Comments (0)                                                                          Blocks    : 0
(no comments)                                                                         Related   : 0
                                                                                      
Related Work                                                                          
Blocked by: (none)                                                                    
Blocks: (none)                                                                        
Related: (none)                                                                       