╭─ Dependencies ──────── 0 ─╮  ╭─ Content ──────────────────────────── 0 comments ─╮  ╭─ Metadata ─────────────────────╮
│Blocked by (0)             │  │Minimal detail                                     │  │  Core                          │
│(none)                     │  │bw-1 · open · P1                                   │  │  Type    : task                │
│                           │  │                                                   │  │  Status  : open                │
│Blocks (0)                 │  │Description                                        │  │  Priority: P1                  │
│(none)                     │  │(no description)                                   │  │  ------------------------------│
│                           │  │                                                   │  │  Counts                        │
│Related (0)                │  │                                                   │  │  Comments  : 0                 │
│(none)                     │  │                                                   │  │  Blocked by: 0                 │
│                           │  │                                                   │  │  Blocks    : 0                 │
│Children (0)               │  │                                                   │  │  Related   : 0                 │
│(none)                     │  │                                                   │  │  Children  : 0                 │
│                           │  │                                                   │  │                                │
│                           │  │                                                   │  │Quick actions                   │
│                           │  │                                                   │  │e Edit issue                    │
│                           │  │                                                   │  │u Update issue                  │
│                           │  │                                                   │  │a Add comment                   │
│                           │  │                                                   │  │x Close issue                   │
│                           │  │                                                   │  │r Reload detail                 │
│                           │  │                                                   │  │                                │
│                           │  │                                                   │  │                                │
│                           │  │                                                   │  │                                │
│                           │  │                                                   │  │                                │
╰───────────────────────────╯  ╰───────────────────────────────────────────────────╯  ╰────────────────────────────────╯