╭─ Dependencies ───────────── 2 ─╮  ╭─ Content ─────────────────────────────────────────── 0 comments ─╮  ╭─ Metadata ─────────────────────╮
│Blocked by (0)                  │  │Top-level epic                                                    │  │  Core                          │
│(none)                          │  │bw-epic · open · P1                                               │  │  Type    : epic                │
│                                │  │                                                                  │  │  Status  : open                │
│Blocks (0)                      │  │Description                                                       │  │  Priority: P1                  │
│(none)                          │  │(no description)                                                  │  │  ------------------------------│
│                                │  │                                                                  │  │  Counts                        │
│Related (0)                     │  │                                                                  │  │  Comments  : 0                 │
│(none)                          │  │                                                                  │  │  Blocked by: 0                 │
│                                │  │                                                                  │  │  Blocks    : 0                 │
│Children (2)                    │  │                                                                  │  │  Related   : 0                 │
│  T P2 O …child1 Child task one │  │                                                                  │  │  Children  : 2                 │
│  T P2 O …child2 Child task two │  │                                                                  │  │                                │
│                                │  │                                                                  │  │Quick actions                   │
│                                │  │                                                                  │  │e Edit issue                    │
│                                │  │                                                                  │  │u Update issue                  │
│                                │  │                                                                  │  │… (2 more)                      │
╰────────────────────────────────╯  ╰──────────────────────────────────────────────────────────────────╯  ╰────────────────────────────────╯