╭─ Dependencies ───────────── 1 ─╮  ╭─ Content ─────────────────────────────────────────── 0 comments ─╮  ╭─ Metadata ─────────────────────╮
│Blocked by (1)                  │  │Self issue                                                        │  │  Core                          │
│  T P0 O …locker Blocker        │  │bw-self · open · P1                                               │  │  Type    : task                │
│                                │  │                                                                  │  │  Status  : open                │
│Blocks (0)                      │  │Description                                                       │  │  Priority: P1                  │
│(none)                          │  │(no description)                                                  │  │  ------------------------------│
│                                │  │                                                                  │  │  Counts                        │
│Related (0)                     │  │                                                                  │  │  Comments  : 0                 │
│(none)                          │  │                                                                  │  │  Blocked by: 1                 │
│                                │  │                                                                  │  │  Blocks    : 0                 │
│Children (0)                    │  │                                                                  │  │  Related   : 0                 │
│(none)                          │  │                                                                  │  │                                │
│                                │  │                                                                  │  │Quick actions                   │
│Structure (3)                   │  │                                                                  │  │e Edit issue                    │
│  ? P0 - …parent Parent epic    │  │                                                                  │  │u Update issue                  │
│› ? P0 - bw-self Self issue     │  │                                                                  │  │a Add comment                   │
│  ? P0 - …ibling Sibling issue  │  │                                                                  │  │… (1 more)                      │
╰────────────────────────────────╯  ╰──────────────────────────────────────────────────────────────────╯  ╰────────────────────────────────╯