  Related Work               › Content                                                                      Metadata
Blocked by (1)               Wide layout sample                                                           Core
  T P1 B bw-1 Auth migra...  bw-wide                                                                      Type    : feature
                                                                                                          Priority: P1
Blocks (1)                   Description                                                                  Status  : in_progress
  D P2 O bw-2 Docs update    Three column layout should render related rail on wide terminals.            ----------------------------------
                                                                                                          Counts
Related (1)                  Notes                                                                        Comments  : 0
  C P3 O bw-3 Renderer c...  Inline related work section should be suppressed when rail is active.        Blocked by: 1
                                                                                                          Blocks    : 1
                             Comments (0)                                                                 Related   : 1
                             (no comments)                                                                