╭─ Search ───────────────────── shown ─╮  ╭─ Content ───────────────── 0 comments ─╮  ╭─ Metadata ─────────────────────╮
│nomatch│                              │  │No selected result.                     │  │  Core                          │
╰──────────────────────────────────────╯  │Select a result in the search rail to pr│  │  Type    : (unknown)           │
╭─ Results ────────────────── 0 exact ─╮  │eview issue content.                    │  │  Status  : (none)              │
│No matches for "nomatch".             │  │                                        │  │  Priority: (unknown)           │
│                                      │  │                                        │  │  ------------------------------│
│Try broader terms or clear the query, │  │                                        │  │  Counts                        │
│then press Enter.                     │  │                                        │  │  Comments  : 0                 │
│                                      │  │                                        │  │  Blocked by: 0                 │
│                                      │  │                                        │  │  Blocks    : 0                 │
│                                      │  │                                        │  │  Related   : 0                 │
│                                      │  │                                        │  │  Children  : 0                 │
│                                      │  │                                        │  │                                │
│                                      │  │                                        │  │Quick actions                   │
│                                      │  │                                        │  │e Edit issue                    │
│                                      │  │                                        │  │u Update issue                  │
│                                      │  │                                        │  │a Add comment                   │
│                                      │  │                                        │  │x Close issue                   │
│                                      │  │                                        │  │r Reload detail                 │
│                                      │  │                                        │  │                                │
│                                      │  │                                        │  │                                │
│                                      │  │                                        │  │                                │
│                                      │  │                                        │  │                                │
│                                      │  │                                        │  │                                │
│                                      │  │                                        │  │                                │
│                                      │  │                                        │  │                                │
│                                      │  │                                        │  │                                │
╰──────────────────────────────────────╯  ╰────────────────────────────────────────╯  ╰────────────────────────────────╯