╭─ Search ────────────────────── idle ─╮  ╭─ Content ───────────────── 0 comments ─╮  ╭─ Metadata ─────────────────────╮
││                                     │  │No selected result.                     │  │  Core                          │
╰──────────────────────────────────────╯  │Select a result in the search rail to pr│  │  Type    : (unknown)           │
╭─ Results ──────────────────────── 0 ─╮  │eview issue content.                    │  │  Status  : (none)              │
│No search has run yet.                │  │                                        │  │  Priority: (unknown)           │
│                                      │  │                                        │  │  ------------------------------│
│Type query text, then press Enter to  │  │                                        │  │  Counts                        │
│search.                               │  │                                        │  │  Comments  : 0                 │
│                                      │  │                                        │  │  Blocked by: 0                 │
│                                      │  │                                        │  │  Blocks    : 0                 │
│                                      │  │                                        │  │  Related   : 0                 │
│                                      │  │                                        │  │  Children  : 0                 │
│                                      │  │                                        │  │                                │
│                                      │  │                                        │  │Quick actions                   │
│                                      │  │                                        │  │e Edit issue                    │
│                                      │  │                                        │  │u Update issue                  │
│                                      │  │                                        │  │a Add comment                   │
│                                      │  │                                        │  │x Close issue                   │
│                                      │  │                                        │  │r Reload detail                 │
│                                      │  │                                        │  │                                │
│                                      │  │                                        │  │                                │
│                                      │  │                                        │  │                                │
│                                      │  │                                        │  │                                │
│                                      │  │                                        │  │                                │
│                                      │  │                                        │  │                                │
│                                      │  │                                        │  │                                │
│                                      │  │                                        │  │                                │
╰──────────────────────────────────────╯  ╰────────────────────────────────────────╯  ╰────────────────────────────────╯