╭─ Content ─────────────────────────────────────────────────────────────────────────── 3 comments ─╮
│B P0 OPN tm-77                                                                                    │
│Comments heavy issue                                                                              │
│──────────────────────────────────────────────────────────────────────────────────────────────────│
│Description                                                                                       │
│Short description                                                                                 │
│                                                                                                  │
│Comments (3 · newest first)                                                                       │
│[1/3] bob · 2026-04-05 12:00                                                                      │
│  Second chronologically                                                                          │
│──────────────────────────────────────────────────────────────────────────────────────────────────│
│[2/3] alice · 2026-04-05 10:00                                                                    │
│… (3 more)                                                                                        │
╰──────────────────────────────────────────────────────────────────────────────────────────────────╯
╭─ Dependencies ───────────────────────────────────── 8 of 11 ─╮  ╭─ Metadata ─────────────────────╮
│Blocked by (0)                                                │  │  Core                          │
│(none)                                                        │  │  Type    : bug                 │
│                                                              │  │  Status  : open                │
│Blocks (0)                                                    │  │  Priority: P0                  │
│(none)                                                        │  │  ------------------------------│
│                                                              │  │  Counts                        │
│Related (0)                                                   │  │  Comments  : 3                 │
│… (3 more)                                                    │  │… (10 more)                     │
╰──────────────────────────────────────────────────────────────╯  ╰────────────────────────────────╯