╭─ Task Stores ──────────────────────────────────────────────────────────────────────────────── 3 ─╮
│  task-manager-ui /home/hans/dev/github/task-manager-ui                                     active│
│› task-manager    /home/hans/dev/github/task-manager                                              │
│  sandbox         /home/hans/dev/sandbox                                                          │
│                                                                                                  │
│                                                                                                  │
│                                                                                                  │
│                                                                                                  │
│                                                                                                  │
│                                                                                                  │
│                                                                                                  │
│                                                                                                  │
│                                                                                                  │
│                                                                                                  │
╰──────────────────────────────────────────────────────────────────────────────────────────────────╯
Stores: j/k move · r reload · esc back · ctrl+q quit