╭─ Task Stores ────────────────────────────────────────────────────────────────────────── 7 of 12 ─╮
│  echo    /home/hans/dev/echo                                                                     │
│  foxtrot /home/hans/dev/foxtrot                                                                  │
│  golf    /home/hans/dev/golf                                                                     │
│› hotel   /home/hans/dev/hotel                                                                    │
│  india   /home/hans/dev/india                                                                    │
│  juliett /home/hans/dev/juliett                                                                  │
│  kilo    /home/hans/dev/kilo                                                                     │
╰──────────────────────────────────────────────────────────────────────────────────────────────────╯
Stores: j/k move · r reload · esc back · ctrl+q quit