╭─ Task Stores ──────────────────────────────────────── 2 ─╮
│› a-very-long-registry-store-… /home/hans/dev/long        │
│  short                        /home/hans/dev/short active│
│                                                          │
│                                                          │
│                                                          │
│                                                          │
│                                                          │
│                                                          │
│                                                          │
╰──────────────────────────────────────────────────────────╯
Stores: j/k · r · esc · ctrl+q