╭─ Task Stores ──────────────────── 3 ─╮
│▌ task-manager-ui               active│
│▌ /home/hans/dev/github/task-manager-…│
│  task-manager                        │
│  /home/hans/dev/github/task-manager  │
│  moved-away                  dangling│
│  /home/hans/dev/moved-away           │
│                                      │
│                                      │
│                                      │
╰──────────────────────────────────────╯
Stores: j/k · r · esc · ctrl+q