╭─ Task Stores ⠋ ────────────────────────────────────────────────────────────────────────────── ░ ─╮
│Reading the central store registry…                                                               │
│                                                                                                  │
│                                                                                                  │
│                                                                                                  │
│                                                                                                  │
│                                                                                                  │
│                                                                                                  │
│                                                                                                  │
│                                                                                                  │
│                                                                                                  │
│                                                                                                  │
│                                                                                                  │
│                                                                                                  │
╰──────────────────────────────────────────────────────────────────────────────────────────────────╯
Stores: j/k move · r reload · esc back · ctrl+q quit