╭─ Task Stores ────────────────────────────────────────────────────────────────────────── 3 of 12 ─╮
│  foxtrot                                                                                         │
│  /home/hans/dev/foxtrot                                                                          │
│  golf                                                                                            │
│  /home/hans/dev/golf                                                                             │
│▌ hotel                                                                                           │
│▌ /home/hans/dev/hotel                                                                            │
│                                                                                                  │
╰──────────────────────────────────────────────────────────────────────────────────────────────────╯
Stores: j/k move · r reload · esc back · ctrl+q quit