╭─ Task Stores ──────────────────────────────────────── 2 ─╮
│▌ a-very-long-registry-store-name-indeed-that-outruns-the…│
│▌ /home/hans/dev/long                                     │
│  short                                             active│
│  /home/hans/dev/short                                    │
│                                                          │
│                                                          │
│                                                          │
│                                                          │
│                                                          │
╰──────────────────────────────────────────────────────────╯
Stores: j/k · r · esc · ctrl+q