╭─ Task Stores ──────────────────── 3 ─╮
│› task-manager-ui /home/hans/d… active│
│  task-manager    /home/hans/dev/gith…│
│  moved-away                  dangling│
│                                      │
│                                      │
│                                      │
│                                      │
│                                      │
│                                      │
╰──────────────────────────────────────╯
Stores: j/k · r · esc · ctrl+q