╭─ Task Stores ──────────────────────────────────────────────────────────────────────────────── 2 ─╮
│› Create a local store in /home/hans/dev/widget                                                   │
│  Create a central store for /home/hans/dev/widget                                                │
│  task-manager /home/hans/dev/github/task-manager                                                 │
│  sandbox      /home/hans/dev/sandbox                                                             │
│                                                                                                  │
│                                                                                                  │
│                                                                                                  │
│                                                                                                  │
│                                                                                                  │
╰──────────────────────────────────────────────────────────────────────────────────────────────────╯
Stores: j/k move · enter open · r reload · esc quit · ctrl+q quit